// Jest Snapshot v1, https://goo.gl/fbAQLP

exports[`snapshot testing 1`] = `
<DocumentFragment>
  <div
    class="p-4"
  >
    Porters
  </div>
</DocumentFragment>
`;
