// Jest Snapshot v1, https://goo.gl/fbAQLP

exports[`snapshot testing 1`] = `
<DocumentFragment>
  <div
    class=""
  >
    <textarea
      class="outline-none border-solid border w-full"
      rows="20"
    />
  </div>
</DocumentFragment>
`;
