// Jest Snapshot v1, https://goo.gl/fbAQLP

exports[`snapshot testing 1`] = `
<DocumentFragment>
  <div
    class="w-full undefined"
  >
    <input
      class="w-full h-10 box-border border outline-none border-border text-sm px-4 rounded-lg"
      value=""
    />
  </div>
</DocumentFragment>
`;
